// Jest Snapshot v1, https://goo.gl/fbAQLP

exports[`renders Hello component  renders the correct text with an explicit enthusiasm of 1 1`] = `ShallowWrapper {}`;
